<html>
<body>
<pre>
<h1>µVision Build Log</h1>
<h2>Tool Versions:</h2>
IDE-Version: ¦ÌVision V5.25.2.0
Copyright (C) 2018 ARM Ltd and ARM Germany GmbH. All rights reserved.
License Information: Lin Administrator, SV, LIC=CZLTG-V29BY-55FT2-92JH7-NQ064-Q00S1
 
Tool Versions:
Toolchain:       MDK-ARM Plus  Version: 5.25.2.0
Toolchain Path:  D:\Keil_v5\ARM\ARMCC\Bin
C Compiler:      Armcc.exe V5.06 update 6 (build 750)
Assembler:       Armasm.exe V5.06 update 6 (build 750)
Linker/Locator:  ArmLink.exe V5.06 update 6 (build 750)
Library Manager: ArmAr.exe V5.06 update 6 (build 750)
Hex Converter:   FromElf.exe V5.06 update 6 (build 750)
CPU DLL:         SARMCM3.DLL V5.25.2.0
Dialog DLL:      DARMCM1.DLL V1.19.1.0
Target DLL:      Segger\JL2CM3.dll V2.99.29.0
Dialog DLL:      TARMCM1.DLL V1.14.0.0
 
<h2>Project:</h2>
E:\workspace\n32g032c8\updater\MDK-ARM\n32g032c8_updater.uvprojx
Project File Date:  05/22/2023

<h2>Output:</h2>
*** Using Compiler 'V5.06 update 6 (build 750)', folder: 'D:\Keil_v5\ARM\ARMCC\Bin'
Rebuild target 'N32G032'
assembling startup_n32g032.s...
compiling system_n32g032.c...
compiling misc.c...
compiling n32g032_exti.c...
compiling n32g032_gpio.c...
compiling n32g032_rcc.c...
compiling n32g032_flash.c...
compiling main.c...
compiling n32g032_it.c...
compiling n32g032_usart.c...
compiling systick.c...
compiling iap.c...
linking...
Program Size: Code=4488 RO-data=288 RW-data=28 ZI-data=1172  
FromELF: creating hex file...
After Build - User command #1: fromelf --bin --output=.\bin\n32g032c8_updater.bin .\Objects\n32g032c8_updater.axf
".\Objects\n32g032c8_updater.axf" - 0 Error(s), 0 Warning(s).

<h2>Software Packages used:</h2>

Package Vendor: Nationstech
                http://www.keil.com/pack/Nationstech.N32G032_DFP.0.1.2.pack
                Nationstech.N32G032_DFP.0.1.2
                Nationstech N32G032 Series Device Support, Drivers and Examples

<h2>Collection of Component include folders:</h2>
  .\RTE\_N32G032
  D:\Keil_v5\ARM\PACK\Nationstech\N32G032_DFP\0.1.2\firmware\CMSIS\device

<h2>Collection of Component Files used:</h2>
Build Time Elapsed:  00:00:08
</pre>
</body>
</html>
