<!doctype html public "-//w3c//dtd html 4.0 transitional//en">
<html><head>
<title>Static Call Graph - [.\Objects\n32g032c8_updater.axf]</title></head>
<body><HR>
<H1>Static Call Graph for image .\Objects\n32g032c8_updater.axf</H1><HR>
<BR><P>#&#060CALLGRAPH&#062# ARM Linker, 5060750: Last Updated: Mon Jul 17 20:59:59 2023
<BR><P>
<H3>Maximum Stack Usage =        156 bytes + Unknown(Cycles, Untraceable Function Pointers)</H3><H3>
Call chain for Maximum Stack Depth:</H3>
main &rArr; iap_init &rArr; USART_Init &rArr; RCC_GetClocksFreqValue &rArr; __aeabi_uidivmod
<P>
<H3>
Mutually Recursive functions
</H3> <LI><a href="#[1b]">ADC_IRQHandler</a>&nbsp;&nbsp;&nbsp;&rArr;&nbsp;&nbsp;&nbsp;<a href="#[1b]">ADC_IRQHandler</a><BR>
</UL>
<P>
<H3>
Function Pointers
</H3><UL>
 <LI><a href="#[1b]">ADC_IRQHandler</a> from startup_n32g032.o(.text) referenced from startup_n32g032.o(RESET)
 <LI><a href="#[15]">CAN_IRQHandler</a> from startup_n32g032.o(.text) referenced from startup_n32g032.o(RESET)
 <LI><a href="#[25]">COMP1_2_3_IRQHandler</a> from startup_n32g032.o(.text) referenced from startup_n32g032.o(RESET)
 <LI><a href="#[11]">DMA_Channel1_2_3_4_IRQHandler</a> from startup_n32g032.o(.text) referenced from startup_n32g032.o(RESET)
 <LI><a href="#[12]">DMA_Channel5_6_7_8_IRQHandler</a> from startup_n32g032.o(.text) referenced from startup_n32g032.o(RESET)
 <LI><a href="#[c]">EXTI0_1_IRQHandler</a> from startup_n32g032.o(.text) referenced from startup_n32g032.o(RESET)
 <LI><a href="#[d]">EXTI2_3_IRQHandler</a> from startup_n32g032.o(.text) referenced from startup_n32g032.o(RESET)
 <LI><a href="#[e]">EXTI4_15_IRQHandler</a> from startup_n32g032.o(.text) referenced from startup_n32g032.o(RESET)
 <LI><a href="#[a]">FLASH_IRQHandler</a> from startup_n32g032.o(.text) referenced from startup_n32g032.o(RESET)
 <LI><a href="#[20]">HDIV_SQRT_IRQHandler</a> from startup_n32g032.o(.text) referenced from startup_n32g032.o(RESET)
 <LI><a href="#[2]">HardFault_Handler</a> from n32g032_it.o(i.HardFault_Handler) referenced from startup_n32g032.o(RESET)
 <LI><a href="#[1d]">I2C1_IRQHandler</a> from startup_n32g032.o(.text) referenced from startup_n32g032.o(RESET)
 <LI><a href="#[1e]">I2C2_IRQHandler</a> from startup_n32g032.o(.text) referenced from startup_n32g032.o(RESET)
 <LI><a href="#[1a]">LPTIM_TIM6_IRQHandler</a> from startup_n32g032.o(.text) referenced from startup_n32g032.o(RESET)
 <LI><a href="#[23]">LPUART1_2_IRQHandler</a> from startup_n32g032.o(.text) referenced from startup_n32g032.o(RESET)
 <LI><a href="#[9]">MMU_IRQHandler</a> from startup_n32g032.o(.text) referenced from startup_n32g032.o(RESET)
 <LI><a href="#[1]">NMI_Handler</a> from n32g032_it.o(i.NMI_Handler) referenced from startup_n32g032.o(RESET)
 <LI><a href="#[7]">PVD_IRQHandler</a> from startup_n32g032.o(.text) referenced from startup_n32g032.o(RESET)
 <LI><a href="#[4]">PendSV_Handler</a> from n32g032_it.o(i.PendSV_Handler) referenced from startup_n32g032.o(RESET)
 <LI><a href="#[21]">RAMC_PERR_IRQHandler</a> from startup_n32g032.o(.text) referenced from startup_n32g032.o(RESET)
 <LI><a href="#[b]">RCC_IRQHandler</a> from startup_n32g032.o(.text) referenced from startup_n32g032.o(RESET)
 <LI><a href="#[8]">RTC_IRQHandler</a> from startup_n32g032.o(.text) referenced from startup_n32g032.o(RESET)
 <LI><a href="#[0]">Reset_Handler</a> from startup_n32g032.o(.text) referenced from startup_n32g032.o(RESET)
 <LI><a href="#[10]">SAC_IRQHandler</a> from startup_n32g032.o(.text) referenced from startup_n32g032.o(RESET)
 <LI><a href="#[1f]">SPI1_IRQHandler</a> from startup_n32g032.o(.text) referenced from startup_n32g032.o(RESET)
 <LI><a href="#[1c]">SPI2_3_IRQHandler</a> from startup_n32g032.o(.text) referenced from startup_n32g032.o(RESET)
 <LI><a href="#[3]">SVC_Handler</a> from n32g032_it.o(i.SVC_Handler) referenced from startup_n32g032.o(RESET)
 <LI><a href="#[5]">SysTick_Handler</a> from n32g032_it.o(i.SysTick_Handler) referenced from startup_n32g032.o(RESET)
 <LI><a href="#[27]">SystemInit</a> from system_n32g032.o(i.SystemInit) referenced from startup_n32g032.o(.text)
 <LI><a href="#[13]">TIM1_BRK_UP_TRG_COM_IRQHandler</a> from startup_n32g032.o(.text) referenced from startup_n32g032.o(RESET)
 <LI><a href="#[14]">TIM1_CC_IRQHandler</a> from startup_n32g032.o(.text) referenced from startup_n32g032.o(RESET)
 <LI><a href="#[16]">TIM3_IRQHandler</a> from startup_n32g032.o(.text) referenced from startup_n32g032.o(RESET)
 <LI><a href="#[17]">TIM4_IRQHandler</a> from startup_n32g032.o(.text) referenced from startup_n32g032.o(RESET)
 <LI><a href="#[18]">TIM8_BRK_UP_TRG_COM_IRQHandler</a> from startup_n32g032.o(.text) referenced from startup_n32g032.o(RESET)
 <LI><a href="#[19]">TIM8_CC_IRQHandler</a> from startup_n32g032.o(.text) referenced from startup_n32g032.o(RESET)
 <LI><a href="#[f]">TSC_IRQHandler</a> from startup_n32g032.o(.text) referenced from startup_n32g032.o(RESET)
 <LI><a href="#[24]">UART5_6_IRQHandler</a> from startup_n32g032.o(.text) referenced from startup_n32g032.o(RESET)
 <LI><a href="#[22]">USART1_2_IRQHandler</a> from n32g032_it.o(i.USART1_2_IRQHandler) referenced from startup_n32g032.o(RESET)
 <LI><a href="#[6]">WWDG_IRQHandler</a> from startup_n32g032.o(.text) referenced from startup_n32g032.o(RESET)
 <LI><a href="#[28]">__main</a> from entry.o(.ARM.Collect$$$$00000000) referenced from startup_n32g032.o(.text)
 <LI><a href="#[26]">main</a> from main.o(i.main) referenced from entry9a.o(.ARM.Collect$$$$0000000B)
</UL>
<P>
<H3>
Global Symbols
</H3>
<P><STRONG><a name="[28]"></a>__main</STRONG> (Thumb, 0 bytes, Stack size unknown bytes, entry.o(.ARM.Collect$$$$00000000))
<BR>[Address Reference Count : 1]<UL><LI> startup_n32g032.o(.text)
</UL>
<P><STRONG><a name="[4f]"></a>_main_stk</STRONG> (Thumb, 0 bytes, Stack size unknown bytes, entry2.o(.ARM.Collect$$$$00000001))

<P><STRONG><a name="[29]"></a>_main_scatterload</STRONG> (Thumb, 0 bytes, Stack size unknown bytes, entry5.o(.ARM.Collect$$$$00000004))
<BR><BR>[Calls]<UL><LI><a href="#[2a]">&gt;&gt;</a>&nbsp;&nbsp;&nbsp;__scatterload
</UL>

<P><STRONG><a name="[2b]"></a>__main_after_scatterload</STRONG> (Thumb, 0 bytes, Stack size unknown bytes, entry5.o(.ARM.Collect$$$$00000004))
<BR><BR>[Called By]<UL><LI><a href="#[2a]">&gt;&gt;</a>&nbsp;&nbsp;&nbsp;__scatterload
</UL>

<P><STRONG><a name="[50]"></a>_main_clock</STRONG> (Thumb, 0 bytes, Stack size unknown bytes, entry7b.o(.ARM.Collect$$$$00000008))

<P><STRONG><a name="[51]"></a>_main_cpp_init</STRONG> (Thumb, 0 bytes, Stack size unknown bytes, entry8b.o(.ARM.Collect$$$$0000000A))

<P><STRONG><a name="[52]"></a>_main_init</STRONG> (Thumb, 0 bytes, Stack size unknown bytes, entry9a.o(.ARM.Collect$$$$0000000B))

<P><STRONG><a name="[53]"></a>__rt_final_cpp</STRONG> (Thumb, 0 bytes, Stack size unknown bytes, entry10a.o(.ARM.Collect$$$$0000000D))

<P><STRONG><a name="[54]"></a>__rt_final_exit</STRONG> (Thumb, 0 bytes, Stack size unknown bytes, entry11a.o(.ARM.Collect$$$$0000000F))

<P><STRONG><a name="[0]"></a>Reset_Handler</STRONG> (Thumb, 8 bytes, Stack size 0 bytes, startup_n32g032.o(.text))
<BR>[Address Reference Count : 1]<UL><LI> startup_n32g032.o(RESET)
</UL>
<P><STRONG><a name="[1b]"></a>ADC_IRQHandler</STRONG> (Thumb, 0 bytes, Stack size 0 bytes, startup_n32g032.o(.text))
<BR><BR>[Calls]<UL><LI><a href="#[1b]">&gt;&gt;</a>&nbsp;&nbsp;&nbsp;ADC_IRQHandler
</UL>
<BR>[Called By]<UL><LI><a href="#[1b]">&gt;&gt;</a>&nbsp;&nbsp;&nbsp;ADC_IRQHandler
</UL>
<BR>[Address Reference Count : 1]<UL><LI> startup_n32g032.o(RESET)
</UL>
<P><STRONG><a name="[15]"></a>CAN_IRQHandler</STRONG> (Thumb, 0 bytes, Stack size 0 bytes, startup_n32g032.o(.text))
<BR>[Address Reference Count : 1]<UL><LI> startup_n32g032.o(RESET)
</UL>
<P><STRONG><a name="[25]"></a>COMP1_2_3_IRQHandler</STRONG> (Thumb, 0 bytes, Stack size 0 bytes, startup_n32g032.o(.text))
<BR>[Address Reference Count : 1]<UL><LI> startup_n32g032.o(RESET)
</UL>
<P><STRONG><a name="[11]"></a>DMA_Channel1_2_3_4_IRQHandler</STRONG> (Thumb, 0 bytes, Stack size 0 bytes, startup_n32g032.o(.text))
<BR>[Address Reference Count : 1]<UL><LI> startup_n32g032.o(RESET)
</UL>
<P><STRONG><a name="[12]"></a>DMA_Channel5_6_7_8_IRQHandler</STRONG> (Thumb, 0 bytes, Stack size 0 bytes, startup_n32g032.o(.text))
<BR>[Address Reference Count : 1]<UL><LI> startup_n32g032.o(RESET)
</UL>
<P><STRONG><a name="[c]"></a>EXTI0_1_IRQHandler</STRONG> (Thumb, 0 bytes, Stack size 0 bytes, startup_n32g032.o(.text))
<BR>[Address Reference Count : 1]<UL><LI> startup_n32g032.o(RESET)
</UL>
<P><STRONG><a name="[d]"></a>EXTI2_3_IRQHandler</STRONG> (Thumb, 0 bytes, Stack size 0 bytes, startup_n32g032.o(.text))
<BR>[Address Reference Count : 1]<UL><LI> startup_n32g032.o(RESET)
</UL>
<P><STRONG><a name="[e]"></a>EXTI4_15_IRQHandler</STRONG> (Thumb, 0 bytes, Stack size 0 bytes, startup_n32g032.o(.text))
<BR>[Address Reference Count : 1]<UL><LI> startup_n32g032.o(RESET)
</UL>
<P><STRONG><a name="[a]"></a>FLASH_IRQHandler</STRONG> (Thumb, 0 bytes, Stack size 0 bytes, startup_n32g032.o(.text))
<BR>[Address Reference Count : 1]<UL><LI> startup_n32g032.o(RESET)
</UL>
<P><STRONG><a name="[20]"></a>HDIV_SQRT_IRQHandler</STRONG> (Thumb, 0 bytes, Stack size 0 bytes, startup_n32g032.o(.text))
<BR>[Address Reference Count : 1]<UL><LI> startup_n32g032.o(RESET)
</UL>
<P><STRONG><a name="[1d]"></a>I2C1_IRQHandler</STRONG> (Thumb, 0 bytes, Stack size 0 bytes, startup_n32g032.o(.text))
<BR>[Address Reference Count : 1]<UL><LI> startup_n32g032.o(RESET)
</UL>
<P><STRONG><a name="[1e]"></a>I2C2_IRQHandler</STRONG> (Thumb, 0 bytes, Stack size 0 bytes, startup_n32g032.o(.text))
<BR>[Address Reference Count : 1]<UL><LI> startup_n32g032.o(RESET)
</UL>
<P><STRONG><a name="[1a]"></a>LPTIM_TIM6_IRQHandler</STRONG> (Thumb, 0 bytes, Stack size 0 bytes, startup_n32g032.o(.text))
<BR>[Address Reference Count : 1]<UL><LI> startup_n32g032.o(RESET)
</UL>
<P><STRONG><a name="[23]"></a>LPUART1_2_IRQHandler</STRONG> (Thumb, 0 bytes, Stack size 0 bytes, startup_n32g032.o(.text))
<BR>[Address Reference Count : 1]<UL><LI> startup_n32g032.o(RESET)
</UL>
<P><STRONG><a name="[9]"></a>MMU_IRQHandler</STRONG> (Thumb, 0 bytes, Stack size 0 bytes, startup_n32g032.o(.text))
<BR>[Address Reference Count : 1]<UL><LI> startup_n32g032.o(RESET)
</UL>
<P><STRONG><a name="[7]"></a>PVD_IRQHandler</STRONG> (Thumb, 0 bytes, Stack size 0 bytes, startup_n32g032.o(.text))
<BR>[Address Reference Count : 1]<UL><LI> startup_n32g032.o(RESET)
</UL>
<P><STRONG><a name="[21]"></a>RAMC_PERR_IRQHandler</STRONG> (Thumb, 0 bytes, Stack size 0 bytes, startup_n32g032.o(.text))
<BR>[Address Reference Count : 1]<UL><LI> startup_n32g032.o(RESET)
</UL>
<P><STRONG><a name="[b]"></a>RCC_IRQHandler</STRONG> (Thumb, 0 bytes, Stack size 0 bytes, startup_n32g032.o(.text))
<BR>[Address Reference Count : 1]<UL><LI> startup_n32g032.o(RESET)
</UL>
<P><STRONG><a name="[8]"></a>RTC_IRQHandler</STRONG> (Thumb, 0 bytes, Stack size 0 bytes, startup_n32g032.o(.text))
<BR>[Address Reference Count : 1]<UL><LI> startup_n32g032.o(RESET)
</UL>
<P><STRONG><a name="[10]"></a>SAC_IRQHandler</STRONG> (Thumb, 0 bytes, Stack size 0 bytes, startup_n32g032.o(.text))
<BR>[Address Reference Count : 1]<UL><LI> startup_n32g032.o(RESET)
</UL>
<P><STRONG><a name="[1f]"></a>SPI1_IRQHandler</STRONG> (Thumb, 0 bytes, Stack size 0 bytes, startup_n32g032.o(.text))
<BR>[Address Reference Count : 1]<UL><LI> startup_n32g032.o(RESET)
</UL>
<P><STRONG><a name="[1c]"></a>SPI2_3_IRQHandler</STRONG> (Thumb, 0 bytes, Stack size 0 bytes, startup_n32g032.o(.text))
<BR>[Address Reference Count : 1]<UL><LI> startup_n32g032.o(RESET)
</UL>
<P><STRONG><a name="[13]"></a>TIM1_BRK_UP_TRG_COM_IRQHandler</STRONG> (Thumb, 0 bytes, Stack size 0 bytes, startup_n32g032.o(.text))
<BR>[Address Reference Count : 1]<UL><LI> startup_n32g032.o(RESET)
</UL>
<P><STRONG><a name="[14]"></a>TIM1_CC_IRQHandler</STRONG> (Thumb, 0 bytes, Stack size 0 bytes, startup_n32g032.o(.text))
<BR>[Address Reference Count : 1]<UL><LI> startup_n32g032.o(RESET)
</UL>
<P><STRONG><a name="[16]"></a>TIM3_IRQHandler</STRONG> (Thumb, 0 bytes, Stack size 0 bytes, startup_n32g032.o(.text))
<BR>[Address Reference Count : 1]<UL><LI> startup_n32g032.o(RESET)
</UL>
<P><STRONG><a name="[17]"></a>TIM4_IRQHandler</STRONG> (Thumb, 0 bytes, Stack size 0 bytes, startup_n32g032.o(.text))
<BR>[Address Reference Count : 1]<UL><LI> startup_n32g032.o(RESET)
</UL>
<P><STRONG><a name="[18]"></a>TIM8_BRK_UP_TRG_COM_IRQHandler</STRONG> (Thumb, 0 bytes, Stack size 0 bytes, startup_n32g032.o(.text))
<BR>[Address Reference Count : 1]<UL><LI> startup_n32g032.o(RESET)
</UL>
<P><STRONG><a name="[19]"></a>TIM8_CC_IRQHandler</STRONG> (Thumb, 0 bytes, Stack size 0 bytes, startup_n32g032.o(.text))
<BR>[Address Reference Count : 1]<UL><LI> startup_n32g032.o(RESET)
</UL>
<P><STRONG><a name="[f]"></a>TSC_IRQHandler</STRONG> (Thumb, 0 bytes, Stack size 0 bytes, startup_n32g032.o(.text))
<BR>[Address Reference Count : 1]<UL><LI> startup_n32g032.o(RESET)
</UL>
<P><STRONG><a name="[24]"></a>UART5_6_IRQHandler</STRONG> (Thumb, 0 bytes, Stack size 0 bytes, startup_n32g032.o(.text))
<BR>[Address Reference Count : 1]<UL><LI> startup_n32g032.o(RESET)
</UL>
<P><STRONG><a name="[6]"></a>WWDG_IRQHandler</STRONG> (Thumb, 0 bytes, Stack size 0 bytes, startup_n32g032.o(.text))
<BR>[Address Reference Count : 1]<UL><LI> startup_n32g032.o(RESET)
</UL>
<P><STRONG><a name="[55]"></a>__aeabi_uidiv</STRONG> (Thumb, 0 bytes, Stack size 12 bytes, uidiv.o(.text), UNUSED)

<P><STRONG><a name="[34]"></a>__aeabi_uidivmod</STRONG> (Thumb, 44 bytes, Stack size 12 bytes, uidiv.o(.text))
<BR><BR>[Stack]<UL><LI>Max Depth = 12<LI>Call Chain = __aeabi_uidivmod
</UL>
<BR>[Called By]<UL><LI><a href="#[3d]">&gt;&gt;</a>&nbsp;&nbsp;&nbsp;USART_Init
<LI><a href="#[33]">&gt;&gt;</a>&nbsp;&nbsp;&nbsp;RCC_GetClocksFreqValue
</UL>

<P><STRONG><a name="[2a]"></a>__scatterload</STRONG> (Thumb, 28 bytes, Stack size 0 bytes, init.o(.text))
<BR><BR>[Calls]<UL><LI><a href="#[2b]">&gt;&gt;</a>&nbsp;&nbsp;&nbsp;__main_after_scatterload
</UL>
<BR>[Called By]<UL><LI><a href="#[29]">&gt;&gt;</a>&nbsp;&nbsp;&nbsp;_main_scatterload
</UL>

<P><STRONG><a name="[56]"></a>__scatterload_rt2</STRONG> (Thumb, 0 bytes, Stack size 0 bytes, init.o(.text), UNUSED)

<P><STRONG><a name="[2d]"></a>FLASH_ClearFlag</STRONG> (Thumb, 12 bytes, Stack size 0 bytes, n32g032_flash.o(i.FLASH_ClearFlag))
<BR><BR>[Called By]<UL><LI><a href="#[2f]">&gt;&gt;</a>&nbsp;&nbsp;&nbsp;FLASH_ProgramWord
<LI><a href="#[2c]">&gt;&gt;</a>&nbsp;&nbsp;&nbsp;FLASH_EraseOnePage
</UL>

<P><STRONG><a name="[2c]"></a>FLASH_EraseOnePage</STRONG> (Thumb, 78 bytes, Stack size 12 bytes, n32g032_flash.o(i.FLASH_EraseOnePage))
<BR><BR>[Stack]<UL><LI>Max Depth = 20<LI>Call Chain = FLASH_EraseOnePage &rArr; FLASH_WaitForLastOpt
</UL>
<BR>[Calls]<UL><LI><a href="#[2e]">&gt;&gt;</a>&nbsp;&nbsp;&nbsp;FLASH_WaitForLastOpt
<LI><a href="#[2d]">&gt;&gt;</a>&nbsp;&nbsp;&nbsp;FLASH_ClearFlag
</UL>
<BR>[Called By]<UL><LI><a href="#[3e]">&gt;&gt;</a>&nbsp;&nbsp;&nbsp;iap_do_erase
</UL>

<P><STRONG><a name="[30]"></a>FLASH_GetSTS</STRONG> (Thumb, 54 bytes, Stack size 0 bytes, n32g032_flash.o(i.FLASH_GetSTS))
<BR><BR>[Called By]<UL><LI><a href="#[2e]">&gt;&gt;</a>&nbsp;&nbsp;&nbsp;FLASH_WaitForLastOpt
</UL>

<P><STRONG><a name="[41]"></a>FLASH_Lock</STRONG> (Thumb, 14 bytes, Stack size 0 bytes, n32g032_flash.o(i.FLASH_Lock))
<BR><BR>[Called By]<UL><LI><a href="#[42]">&gt;&gt;</a>&nbsp;&nbsp;&nbsp;iap_do_program
<LI><a href="#[3e]">&gt;&gt;</a>&nbsp;&nbsp;&nbsp;iap_do_erase
</UL>

<P><STRONG><a name="[2f]"></a>FLASH_ProgramWord</STRONG> (Thumb, 70 bytes, Stack size 20 bytes, n32g032_flash.o(i.FLASH_ProgramWord))
<BR><BR>[Stack]<UL><LI>Max Depth = 28<LI>Call Chain = FLASH_ProgramWord &rArr; FLASH_WaitForLastOpt
</UL>
<BR>[Calls]<UL><LI><a href="#[2e]">&gt;&gt;</a>&nbsp;&nbsp;&nbsp;FLASH_WaitForLastOpt
<LI><a href="#[2d]">&gt;&gt;</a>&nbsp;&nbsp;&nbsp;FLASH_ClearFlag
</UL>
<BR>[Called By]<UL><LI><a href="#[42]">&gt;&gt;</a>&nbsp;&nbsp;&nbsp;iap_do_program
</UL>

<P><STRONG><a name="[40]"></a>FLASH_Unlock</STRONG> (Thumb, 12 bytes, Stack size 0 bytes, n32g032_flash.o(i.FLASH_Unlock))
<BR><BR>[Called By]<UL><LI><a href="#[42]">&gt;&gt;</a>&nbsp;&nbsp;&nbsp;iap_do_program
<LI><a href="#[3e]">&gt;&gt;</a>&nbsp;&nbsp;&nbsp;iap_do_erase
</UL>

<P><STRONG><a name="[2e]"></a>FLASH_WaitForLastOpt</STRONG> (Thumb, 40 bytes, Stack size 8 bytes, n32g032_flash.o(i.FLASH_WaitForLastOpt))
<BR><BR>[Stack]<UL><LI>Max Depth = 8<LI>Call Chain = FLASH_WaitForLastOpt
</UL>
<BR>[Calls]<UL><LI><a href="#[30]">&gt;&gt;</a>&nbsp;&nbsp;&nbsp;FLASH_GetSTS
</UL>
<BR>[Called By]<UL><LI><a href="#[2f]">&gt;&gt;</a>&nbsp;&nbsp;&nbsp;FLASH_ProgramWord
<LI><a href="#[2c]">&gt;&gt;</a>&nbsp;&nbsp;&nbsp;FLASH_EraseOnePage
</UL>

<P><STRONG><a name="[46]"></a>GPIO_InitPeripheral</STRONG> (Thumb, 478 bytes, Stack size 16 bytes, n32g032_gpio.o(i.GPIO_InitPeripheral))
<BR><BR>[Stack]<UL><LI>Max Depth = 16<LI>Call Chain = GPIO_InitPeripheral
</UL>
<BR>[Called By]<UL><LI><a href="#[43]">&gt;&gt;</a>&nbsp;&nbsp;&nbsp;iap_init
</UL>

<P><STRONG><a name="[45]"></a>GPIO_InitStruct</STRONG> (Thumb, 24 bytes, Stack size 0 bytes, n32g032_gpio.o(i.GPIO_InitStruct))
<BR><BR>[Called By]<UL><LI><a href="#[43]">&gt;&gt;</a>&nbsp;&nbsp;&nbsp;iap_init
</UL>

<P><STRONG><a name="[2]"></a>HardFault_Handler</STRONG> (Thumb, 4 bytes, Stack size 0 bytes, n32g032_it.o(i.HardFault_Handler))
<BR>[Address Reference Count : 1]<UL><LI> startup_n32g032.o(RESET)
</UL>
<P><STRONG><a name="[1]"></a>NMI_Handler</STRONG> (Thumb, 2 bytes, Stack size 0 bytes, n32g032_it.o(i.NMI_Handler))
<BR>[Address Reference Count : 1]<UL><LI> startup_n32g032.o(RESET)
</UL>
<P><STRONG><a name="[31]"></a>NVIC_Init</STRONG> (Thumb, 64 bytes, Stack size 8 bytes, misc.o(i.NVIC_Init))
<BR><BR>[Stack]<UL><LI>Max Depth = 16<LI>Call Chain = NVIC_Init &rArr; NVIC_SetPriority
</UL>
<BR>[Calls]<UL><LI><a href="#[32]">&gt;&gt;</a>&nbsp;&nbsp;&nbsp;NVIC_SetPriority
</UL>
<BR>[Called By]<UL><LI><a href="#[43]">&gt;&gt;</a>&nbsp;&nbsp;&nbsp;iap_init
</UL>

<P><STRONG><a name="[4]"></a>PendSV_Handler</STRONG> (Thumb, 2 bytes, Stack size 0 bytes, n32g032_it.o(i.PendSV_Handler))
<BR>[Address Reference Count : 1]<UL><LI> startup_n32g032.o(RESET)
</UL>
<P><STRONG><a name="[3c]"></a>RCC_EnableAPB1PeriphReset</STRONG> (Thumb, 28 bytes, Stack size 0 bytes, n32g032_rcc.o(i.RCC_EnableAPB1PeriphReset))
<BR><BR>[Called By]<UL><LI><a href="#[3a]">&gt;&gt;</a>&nbsp;&nbsp;&nbsp;USART_DeInit
</UL>

<P><STRONG><a name="[44]"></a>RCC_EnableAPB2PeriphClk</STRONG> (Thumb, 28 bytes, Stack size 0 bytes, n32g032_rcc.o(i.RCC_EnableAPB2PeriphClk))
<BR><BR>[Called By]<UL><LI><a href="#[43]">&gt;&gt;</a>&nbsp;&nbsp;&nbsp;iap_init
</UL>

<P><STRONG><a name="[3b]"></a>RCC_EnableAPB2PeriphReset</STRONG> (Thumb, 28 bytes, Stack size 0 bytes, n32g032_rcc.o(i.RCC_EnableAPB2PeriphReset))
<BR><BR>[Called By]<UL><LI><a href="#[3a]">&gt;&gt;</a>&nbsp;&nbsp;&nbsp;USART_DeInit
</UL>

<P><STRONG><a name="[33]"></a>RCC_GetClocksFreqValue</STRONG> (Thumb, 354 bytes, Stack size 40 bytes, n32g032_rcc.o(i.RCC_GetClocksFreqValue))
<BR><BR>[Stack]<UL><LI>Max Depth = 52<LI>Call Chain = RCC_GetClocksFreqValue &rArr; __aeabi_uidivmod
</UL>
<BR>[Calls]<UL><LI><a href="#[34]">&gt;&gt;</a>&nbsp;&nbsp;&nbsp;__aeabi_uidivmod
</UL>
<BR>[Called By]<UL><LI><a href="#[3d]">&gt;&gt;</a>&nbsp;&nbsp;&nbsp;USART_Init
</UL>

<P><STRONG><a name="[3]"></a>SVC_Handler</STRONG> (Thumb, 2 bytes, Stack size 0 bytes, n32g032_it.o(i.SVC_Handler))
<BR>[Address Reference Count : 1]<UL><LI> startup_n32g032.o(RESET)
</UL>
<P><STRONG><a name="[5]"></a>SysTick_Handler</STRONG> (Thumb, 8 bytes, Stack size 8 bytes, n32g032_it.o(i.SysTick_Handler))
<BR><BR>[Stack]<UL><LI>Max Depth = 8<LI>Call Chain = SysTick_Handler
</UL>
<BR>[Calls]<UL><LI><a href="#[35]">&gt;&gt;</a>&nbsp;&nbsp;&nbsp;delay_decrement
</UL>
<BR>[Address Reference Count : 1]<UL><LI> startup_n32g032.o(RESET)
</UL>
<P><STRONG><a name="[27]"></a>SystemInit</STRONG> (Thumb, 128 bytes, Stack size 8 bytes, system_n32g032.o(i.SystemInit))
<BR><BR>[Stack]<UL><LI>Max Depth = 16<LI>Call Chain = SystemInit &rArr; SetSysClock
</UL>
<BR>[Calls]<UL><LI><a href="#[36]">&gt;&gt;</a>&nbsp;&nbsp;&nbsp;SetSysClock
</UL>
<BR>[Address Reference Count : 1]<UL><LI> startup_n32g032.o(.text)
</UL>
<P><STRONG><a name="[22]"></a>USART1_2_IRQHandler</STRONG> (Thumb, 88 bytes, Stack size 8 bytes, n32g032_it.o(i.USART1_2_IRQHandler))
<BR><BR>[Stack]<UL><LI>Max Depth = 24<LI>Call Chain = USART1_2_IRQHandler &rArr; USART_GetIntStatus
</UL>
<BR>[Calls]<UL><LI><a href="#[39]">&gt;&gt;</a>&nbsp;&nbsp;&nbsp;iap_rx_data
<LI><a href="#[38]">&gt;&gt;</a>&nbsp;&nbsp;&nbsp;USART_ReceiveData
<LI><a href="#[37]">&gt;&gt;</a>&nbsp;&nbsp;&nbsp;USART_GetIntStatus
</UL>
<BR>[Address Reference Count : 1]<UL><LI> startup_n32g032.o(RESET)
</UL>
<P><STRONG><a name="[47]"></a>USART_ConfigInt</STRONG> (Thumb, 80 bytes, Stack size 24 bytes, n32g032_usart.o(i.USART_ConfigInt))
<BR><BR>[Stack]<UL><LI>Max Depth = 24<LI>Call Chain = USART_ConfigInt
</UL>
<BR>[Called By]<UL><LI><a href="#[3f]">&gt;&gt;</a>&nbsp;&nbsp;&nbsp;iap_uart_ctrl
<LI><a href="#[43]">&gt;&gt;</a>&nbsp;&nbsp;&nbsp;iap_init
</UL>

<P><STRONG><a name="[3a]"></a>USART_DeInit</STRONG> (Thumb, 108 bytes, Stack size 8 bytes, n32g032_usart.o(i.USART_DeInit))
<BR><BR>[Stack]<UL><LI>Max Depth = 8<LI>Call Chain = USART_DeInit
</UL>
<BR>[Calls]<UL><LI><a href="#[3b]">&gt;&gt;</a>&nbsp;&nbsp;&nbsp;RCC_EnableAPB2PeriphReset
<LI><a href="#[3c]">&gt;&gt;</a>&nbsp;&nbsp;&nbsp;RCC_EnableAPB1PeriphReset
</UL>
<BR>[Called By]<UL><LI><a href="#[43]">&gt;&gt;</a>&nbsp;&nbsp;&nbsp;iap_init
</UL>

<P><STRONG><a name="[4e]"></a>USART_Enable</STRONG> (Thumb, 26 bytes, Stack size 0 bytes, n32g032_usart.o(i.USART_Enable))
<BR><BR>[Called By]<UL><LI><a href="#[3f]">&gt;&gt;</a>&nbsp;&nbsp;&nbsp;iap_uart_ctrl
</UL>

<P><STRONG><a name="[4c]"></a>USART_GetFlagStatus</STRONG> (Thumb, 30 bytes, Stack size 0 bytes, n32g032_usart.o(i.USART_GetFlagStatus))
<BR><BR>[Called By]<UL><LI><a href="#[4b]">&gt;&gt;</a>&nbsp;&nbsp;&nbsp;iap_tx_handler
</UL>

<P><STRONG><a name="[37]"></a>USART_GetIntStatus</STRONG> (Thumb, 86 bytes, Stack size 16 bytes, n32g032_usart.o(i.USART_GetIntStatus))
<BR><BR>[Stack]<UL><LI>Max Depth = 16<LI>Call Chain = USART_GetIntStatus
</UL>
<BR>[Called By]<UL><LI><a href="#[22]">&gt;&gt;</a>&nbsp;&nbsp;&nbsp;USART1_2_IRQHandler
</UL>

<P><STRONG><a name="[3d]"></a>USART_Init</STRONG> (Thumb, 168 bytes, Stack size 56 bytes, n32g032_usart.o(i.USART_Init))
<BR><BR>[Stack]<UL><LI>Max Depth = 108<LI>Call Chain = USART_Init &rArr; RCC_GetClocksFreqValue &rArr; __aeabi_uidivmod
</UL>
<BR>[Calls]<UL><LI><a href="#[34]">&gt;&gt;</a>&nbsp;&nbsp;&nbsp;__aeabi_uidivmod
<LI><a href="#[33]">&gt;&gt;</a>&nbsp;&nbsp;&nbsp;RCC_GetClocksFreqValue
</UL>
<BR>[Called By]<UL><LI><a href="#[43]">&gt;&gt;</a>&nbsp;&nbsp;&nbsp;iap_init
</UL>

<P><STRONG><a name="[38]"></a>USART_ReceiveData</STRONG> (Thumb, 10 bytes, Stack size 0 bytes, n32g032_usart.o(i.USART_ReceiveData))
<BR><BR>[Called By]<UL><LI><a href="#[22]">&gt;&gt;</a>&nbsp;&nbsp;&nbsp;USART1_2_IRQHandler
</UL>

<P><STRONG><a name="[4d]"></a>USART_SendData</STRONG> (Thumb, 8 bytes, Stack size 0 bytes, n32g032_usart.o(i.USART_SendData))
<BR><BR>[Called By]<UL><LI><a href="#[4b]">&gt;&gt;</a>&nbsp;&nbsp;&nbsp;iap_tx_handler
</UL>

<P><STRONG><a name="[48]"></a>__ARM_common_switch8</STRONG> (Thumb, 28 bytes, Stack size 8 bytes, iap.o(i.__ARM_common_switch8))
<BR><BR>[Stack]<UL><LI>Max Depth = 8<LI>Call Chain = __ARM_common_switch8
</UL>
<BR>[Called By]<UL><LI><a href="#[39]">&gt;&gt;</a>&nbsp;&nbsp;&nbsp;iap_rx_data
<LI><a href="#[49]">&gt;&gt;</a>&nbsp;&nbsp;&nbsp;iap_rx_handler
</UL>

<P><STRONG><a name="[57]"></a>__scatterload_copy</STRONG> (Thumb, 14 bytes, Stack size unknown bytes, handlers.o(i.__scatterload_copy), UNUSED)

<P><STRONG><a name="[58]"></a>__scatterload_null</STRONG> (Thumb, 2 bytes, Stack size unknown bytes, handlers.o(i.__scatterload_null), UNUSED)

<P><STRONG><a name="[59]"></a>__scatterload_zeroinit</STRONG> (Thumb, 14 bytes, Stack size unknown bytes, handlers.o(i.__scatterload_zeroinit), UNUSED)

<P><STRONG><a name="[35]"></a>delay_decrement</STRONG> (Thumb, 20 bytes, Stack size 0 bytes, systick.o(i.delay_decrement))
<BR><BR>[Called By]<UL><LI><a href="#[5]">&gt;&gt;</a>&nbsp;&nbsp;&nbsp;SysTick_Handler
</UL>

<P><STRONG><a name="[3e]"></a>iap_do_erase</STRONG> (Thumb, 60 bytes, Stack size 16 bytes, iap.o(i.iap_do_erase))
<BR><BR>[Stack]<UL><LI>Max Depth = 48<LI>Call Chain = iap_do_erase &rArr; iap_uart_ctrl &rArr; USART_ConfigInt
</UL>
<BR>[Calls]<UL><LI><a href="#[40]">&gt;&gt;</a>&nbsp;&nbsp;&nbsp;FLASH_Unlock
<LI><a href="#[41]">&gt;&gt;</a>&nbsp;&nbsp;&nbsp;FLASH_Lock
<LI><a href="#[2c]">&gt;&gt;</a>&nbsp;&nbsp;&nbsp;FLASH_EraseOnePage
<LI><a href="#[3f]">&gt;&gt;</a>&nbsp;&nbsp;&nbsp;iap_uart_ctrl
</UL>
<BR>[Called By]<UL><LI><a href="#[49]">&gt;&gt;</a>&nbsp;&nbsp;&nbsp;iap_rx_handler
</UL>

<P><STRONG><a name="[42]"></a>iap_do_program</STRONG> (Thumb, 84 bytes, Stack size 32 bytes, iap.o(i.iap_do_program))
<BR><BR>[Stack]<UL><LI>Max Depth = 64<LI>Call Chain = iap_do_program &rArr; iap_uart_ctrl &rArr; USART_ConfigInt
</UL>
<BR>[Calls]<UL><LI><a href="#[40]">&gt;&gt;</a>&nbsp;&nbsp;&nbsp;FLASH_Unlock
<LI><a href="#[2f]">&gt;&gt;</a>&nbsp;&nbsp;&nbsp;FLASH_ProgramWord
<LI><a href="#[41]">&gt;&gt;</a>&nbsp;&nbsp;&nbsp;FLASH_Lock
<LI><a href="#[3f]">&gt;&gt;</a>&nbsp;&nbsp;&nbsp;iap_uart_ctrl
</UL>
<BR>[Called By]<UL><LI><a href="#[49]">&gt;&gt;</a>&nbsp;&nbsp;&nbsp;iap_rx_handler
</UL>

<P><STRONG><a name="[4a]"></a>iap_do_reset</STRONG> (Thumb, 22 bytes, Stack size 0 bytes, iap.o(i.iap_do_reset))
<BR><BR>[Called By]<UL><LI><a href="#[49]">&gt;&gt;</a>&nbsp;&nbsp;&nbsp;iap_rx_handler
</UL>

<P><STRONG><a name="[43]"></a>iap_init</STRONG> (Thumb, 178 bytes, Stack size 48 bytes, iap.o(i.iap_init))
<BR><BR>[Stack]<UL><LI>Max Depth = 156<LI>Call Chain = iap_init &rArr; USART_Init &rArr; RCC_GetClocksFreqValue &rArr; __aeabi_uidivmod
</UL>
<BR>[Calls]<UL><LI><a href="#[45]">&gt;&gt;</a>&nbsp;&nbsp;&nbsp;GPIO_InitStruct
<LI><a href="#[46]">&gt;&gt;</a>&nbsp;&nbsp;&nbsp;GPIO_InitPeripheral
<LI><a href="#[31]">&gt;&gt;</a>&nbsp;&nbsp;&nbsp;NVIC_Init
<LI><a href="#[3f]">&gt;&gt;</a>&nbsp;&nbsp;&nbsp;iap_uart_ctrl
<LI><a href="#[3d]">&gt;&gt;</a>&nbsp;&nbsp;&nbsp;USART_Init
<LI><a href="#[3a]">&gt;&gt;</a>&nbsp;&nbsp;&nbsp;USART_DeInit
<LI><a href="#[47]">&gt;&gt;</a>&nbsp;&nbsp;&nbsp;USART_ConfigInt
<LI><a href="#[44]">&gt;&gt;</a>&nbsp;&nbsp;&nbsp;RCC_EnableAPB2PeriphClk
</UL>
<BR>[Called By]<UL><LI><a href="#[26]">&gt;&gt;</a>&nbsp;&nbsp;&nbsp;main
</UL>

<P><STRONG><a name="[39]"></a>iap_rx_data</STRONG> (Thumb, 464 bytes, Stack size 4 bytes, iap.o(i.iap_rx_data))
<BR><BR>[Stack]<UL><LI>Max Depth = 12<LI>Call Chain = iap_rx_data &rArr; __ARM_common_switch8
</UL>
<BR>[Calls]<UL><LI><a href="#[48]">&gt;&gt;</a>&nbsp;&nbsp;&nbsp;__ARM_common_switch8
</UL>
<BR>[Called By]<UL><LI><a href="#[22]">&gt;&gt;</a>&nbsp;&nbsp;&nbsp;USART1_2_IRQHandler
</UL>

<P><STRONG><a name="[49]"></a>iap_rx_handler</STRONG> (Thumb, 390 bytes, Stack size 8 bytes, iap.o(i.iap_rx_handler))
<BR><BR>[Stack]<UL><LI>Max Depth = 72<LI>Call Chain = iap_rx_handler &rArr; iap_do_program &rArr; iap_uart_ctrl &rArr; USART_ConfigInt
</UL>
<BR>[Calls]<UL><LI><a href="#[4a]">&gt;&gt;</a>&nbsp;&nbsp;&nbsp;iap_do_reset
<LI><a href="#[42]">&gt;&gt;</a>&nbsp;&nbsp;&nbsp;iap_do_program
<LI><a href="#[3e]">&gt;&gt;</a>&nbsp;&nbsp;&nbsp;iap_do_erase
<LI><a href="#[48]">&gt;&gt;</a>&nbsp;&nbsp;&nbsp;__ARM_common_switch8
</UL>
<BR>[Called By]<UL><LI><a href="#[26]">&gt;&gt;</a>&nbsp;&nbsp;&nbsp;main
</UL>

<P><STRONG><a name="[4b]"></a>iap_tx_handler</STRONG> (Thumb, 176 bytes, Stack size 16 bytes, iap.o(i.iap_tx_handler))
<BR><BR>[Stack]<UL><LI>Max Depth = 16<LI>Call Chain = iap_tx_handler
</UL>
<BR>[Calls]<UL><LI><a href="#[4d]">&gt;&gt;</a>&nbsp;&nbsp;&nbsp;USART_SendData
<LI><a href="#[4c]">&gt;&gt;</a>&nbsp;&nbsp;&nbsp;USART_GetFlagStatus
</UL>
<BR>[Called By]<UL><LI><a href="#[26]">&gt;&gt;</a>&nbsp;&nbsp;&nbsp;main
</UL>

<P><STRONG><a name="[3f]"></a>iap_uart_ctrl</STRONG> (Thumb, 66 bytes, Stack size 8 bytes, iap.o(i.iap_uart_ctrl))
<BR><BR>[Stack]<UL><LI>Max Depth = 32<LI>Call Chain = iap_uart_ctrl &rArr; USART_ConfigInt
</UL>
<BR>[Calls]<UL><LI><a href="#[4e]">&gt;&gt;</a>&nbsp;&nbsp;&nbsp;USART_Enable
<LI><a href="#[47]">&gt;&gt;</a>&nbsp;&nbsp;&nbsp;USART_ConfigInt
</UL>
<BR>[Called By]<UL><LI><a href="#[42]">&gt;&gt;</a>&nbsp;&nbsp;&nbsp;iap_do_program
<LI><a href="#[3e]">&gt;&gt;</a>&nbsp;&nbsp;&nbsp;iap_do_erase
<LI><a href="#[43]">&gt;&gt;</a>&nbsp;&nbsp;&nbsp;iap_init
</UL>

<P><STRONG><a name="[26]"></a>main</STRONG> (Thumb, 16 bytes, Stack size 0 bytes, main.o(i.main))
<BR><BR>[Stack]<UL><LI>Max Depth = 156<LI>Call Chain = main &rArr; iap_init &rArr; USART_Init &rArr; RCC_GetClocksFreqValue &rArr; __aeabi_uidivmod
</UL>
<BR>[Calls]<UL><LI><a href="#[4b]">&gt;&gt;</a>&nbsp;&nbsp;&nbsp;iap_tx_handler
<LI><a href="#[49]">&gt;&gt;</a>&nbsp;&nbsp;&nbsp;iap_rx_handler
<LI><a href="#[43]">&gt;&gt;</a>&nbsp;&nbsp;&nbsp;iap_init
</UL>
<BR>[Address Reference Count : 1]<UL><LI> entry9a.o(.ARM.Collect$$$$0000000B)
</UL><P>
<H3>
Local Symbols
</H3>
<P><STRONG><a name="[36]"></a>SetSysClock</STRONG> (Thumb, 254 bytes, Stack size 8 bytes, system_n32g032.o(i.SetSysClock))
<BR><BR>[Stack]<UL><LI>Max Depth = 8<LI>Call Chain = SetSysClock
</UL>
<BR>[Called By]<UL><LI><a href="#[27]">&gt;&gt;</a>&nbsp;&nbsp;&nbsp;SystemInit
</UL>

<P><STRONG><a name="[32]"></a>NVIC_SetPriority</STRONG> (Thumb, 110 bytes, Stack size 8 bytes, misc.o(i.NVIC_SetPriority))
<BR><BR>[Stack]<UL><LI>Max Depth = 8<LI>Call Chain = NVIC_SetPriority
</UL>
<BR>[Called By]<UL><LI><a href="#[31]">&gt;&gt;</a>&nbsp;&nbsp;&nbsp;NVIC_Init
</UL>
<P>
<H3>
Undefined Global Symbols
</H3><HR></body></html>
